/* $Id$ */



#ifndef Test_Test_H
# define Test_Test_H

# include <stdbool.h>
# include <stdint.h>
# include <System/App.h>


/* calls */
void Test_Test(App * app, AppServerClient * client, int32_t i32);
bool Test_Test2(App * app, AppServerClient * client, int32_t * i32);
String const * Test_Test3(App * app, AppServerClient * client, int32_t *);

#endif /* !Test_Test_H */
